[01:39:18] [PID:102636] [SYSTEM] Server started
[01:40:19] [PID:102636] [SYSTEM] Configured for 3 players.
[01:40:19] [PID:102636] [SYSTEM] Player connected from 127.0.0.1:48522
[01:40:19] [PID:102636] [SYSTEM] Player connected from 127.0.0.1:48524
[01:40:19] [PID:102636] [SYSTEM] Player connected from 127.0.0.1:48534
[01:40:19] [PID:102636] [SYSTEM] All 3 players connected. Game starting.
[01:40:30] [PID:102636] [SCHEDULER] Thread started, waiting for players...
[01:40:30] [PID:102636] [SCHEDULER] Broadcast turn start
[01:40:30] [PID:102858] [CHILD] it is MY turn , sending data to client...
[01:40:35] [PID:102858] [GAMEPLAY] !!! clean3 WON! Score: 1 !!!
[01:40:35] [PID:102858] [GAMEPLAY] Guessed: fruit | Result: GGGGG
[01:40:35] [PID:102636] [SCHEDULER] Turn completed, advancing...
[01:40:35] [PID:102636] [SCHEDULER] Broadcast turn start
[01:40:35] [PID:102859] [CHILD] it is MY turn , sending data to client...
[01:40:40] [PID:102859] [GAMEPLAY] !!! clean1 WON! Score: 1 !!!
[01:40:40] [PID:102859] [GAMEPLAY] Guessed: clock | Result: GGGGG
[01:40:40] [PID:102636] [SCHEDULER] Turn completed, advancing...
[01:40:40] [PID:102636] [SCHEDULER] Broadcast turn start
[01:40:40] [PID:102860] [CHILD] it is MY turn , sending data to client...
[01:40:42] [PID:102860] [GAMEPLAY] !!! clean2 WON! Score: 1 !!!
[01:40:42] [PID:102636] [SCHEDULER] Turn completed, advancing...
[01:40:42] [PID:102636] [SCHEDULER] Broadcast turn start
[01:40:42] [PID:102860] [GAMEPLAY] Guessed: clock | Result: GGGGG
[01:40:42] [PID:102858] [CHILD] it is MY turn , sending data to client...
[01:40:44] [PID:102858] [GAMEPLAY] !!! clean3 WON! Score: 2 !!!
[01:40:44] [PID:102858] [GAMEPLAY] Guessed: clock | Result: GGGGG
[01:40:44] [PID:102636] [SCHEDULER] Turn completed, advancing...
[01:40:44] [PID:102636] [SCHEDULER] Broadcast turn start
[01:40:44] [PID:102859] [CHILD] it is MY turn , sending data to client...
[01:40:46] [PID:102859] [GAMEPLAY] !!! clean1 WON! Score: 2 !!!
[01:40:46] [PID:102859] [GAMEPLAY] Guessed: diary | Result: GGGGG
[01:40:46] [PID:102636] [SCHEDULER] Turn completed, advancing...
[01:40:46] [PID:102636] [SCHEDULER] Broadcast turn start
[01:40:46] [PID:102860] [CHILD] it is MY turn , sending data to client...
[01:40:49] [PID:102860] [GAMEPLAY] !!! clean2 WON! Score: 2 !!!
[01:40:49] [PID:102860] [GAMEPLAY] Guessed: diary | Result: GGGGG
[01:40:49] [PID:102636] [SCHEDULER] Turn completed, advancing...
[01:40:49] [PID:102636] [SCHEDULER] Broadcast turn start
[01:40:49] [PID:102858] [CHILD] it is MY turn , sending data to client...
[01:40:53] [PID:102858] [GAMEPLAY] !!! clean3 WON! Score: 3 !!!
[01:40:53] [PID:102858] [GAMEPLAY] MATCH OVER: clean3 is the Grand Champion
[01:40:53] [PID:102636] [SCHEDULER] Turn completed, advancing...
[01:41:39] [PID:102636] [SYSTEM] Host chose to shut down
[02:12:09] [PID:109425] [SYSTEM] Server started
[02:12:11] [PID:109425] [SYSTEM] Configured for 3 players.
[02:12:11] [PID:109425] [SYSTEM] Player connected from 127.0.0.1:35440
[02:12:11] [PID:109425] [SYSTEM] Player connected from 127.0.0.1:35452
[02:12:11] [PID:109425] [SYSTEM] Player connected from 127.0.0.1:35466
[02:12:11] [PID:109425] [SYSTEM] All 3 players connected. Game starting.
