[12:46:05] [PID:1594] [SYSTEM] Server started
[12:46:06] [PID:1594] [SYSTEM] Configured for 3 players.
[12:46:10] [PID:1594] [SYSTEM] Player connected from 127.0.0.1:37168
[12:46:47] [PID:1594] [SYSTEM] Player connected from 127.0.0.1:44842
[12:46:56] [PID:1594] [SYSTEM] Player connected from 127.0.0.1:46398
[12:46:56] [PID:1594] [SYSTEM] All 3 players connected. Game starting.
[12:47:12] [PID:1594] [SCHEDULER] Thread started, waiting for players...
[12:47:12] [PID:1594] [SCHEDULER] Broadcast turn start
[12:47:12] [PID:1687] [CHILD] it is MY turn , sending data to client...
[12:47:20] [PID:1594] [SCHEDULER] Turn completed, advancing...
[12:47:20] [PID:1594] [SCHEDULER] Broadcast turn start
[12:47:20] [PID:1687] [GAMEPLAY] Guessed: kothe | Result: XXXXG
[12:47:20] [PID:1961] [CHILD] it is MY turn , sending data to client...
[12:47:28] [PID:1594] [SCHEDULER] Turn completed, advancing...
[12:47:28] [PID:1961] [GAMEPLAY] Guessed: zomle | Result: XXXGG
[12:47:28] [PID:1594] [SCHEDULER] Broadcast turn start
[12:47:28] [PID:2062] [CHILD] it is MY turn , sending data to client...
[12:47:33] [PID:1594] [SCHEDULER] Turn completed, advancing...
[12:47:33] [PID:2062] [GAMEPLAY] Guessed: maple | Result: XYGGG
[12:47:33] [PID:1594] [SCHEDULER] Broadcast turn start
[12:47:33] [PID:1687] [CHILD] it is MY turn , sending data to client...
[12:47:48] [PID:1687] [TIMEOUT] Timed Out (Strike 1/3)
[12:47:48] [PID:1594] [SCHEDULER] Turn completed, advancing...
[12:47:48] [PID:1594] [SCHEDULER] Broadcast turn start
[12:47:48] [PID:1961] [CHILD] it is MY turn , sending data to client...
[12:47:59] [PID:1961] [GAMEPLAY] Guessed: jumla | Result: XXXGY
[12:47:59] [PID:1594] [SCHEDULER] Turn completed, advancing...
[12:47:59] [PID:1594] [SCHEDULER] Broadcast turn start
[12:47:59] [PID:2062] [CHILD] it is MY turn , sending data to client...
[12:48:14] [PID:2062] [TIMEOUT] Timed Out (Strike 1/3)
[12:48:14] [PID:1594] [SCHEDULER] Turn completed, advancing...
[12:48:14] [PID:1594] [SCHEDULER] Broadcast turn start
[12:48:14] [PID:1687] [CHILD] it is MY turn , sending data to client...
[12:58:48] [PID:5712] [SYSTEM] Server started
